// Jest Snapshot v1, https://goo.gl/fbAQLP

exports[`<HelloWorld/> renders correctly 1`] = `
<styled.h1>
  hello
</styled.h1>
`;
